GC-content: 0.79775
G-content: 15955
C-content: 15955
AT-content: 0.198275
A-content: 3908
T-content: 4023
40000 40000 39841
False
