GC-content: 0.3
G-content: 1
C-content: 2
AT-content: 0.7
A-content: 5
T-content: 2
10 10 10
True
