GC-content: 0.399275
G-content: 7972
C-content: 7999
AT-content: 0.596
A-content: 11813
T-content: 12027
40000 40000 39811
False
