GC-content: 0.495025
G-content: 9818
C-content: 9983
AT-content: 0.501
A-content: 10077
T-content: 9963
40000 40000 39841
False
