GC-content: 0.5994
G-content: 12176
C-content: 11800
AT-content: 0.3966
A-content: 7970
T-content: 7894
40000 40000 39840
False
